// Jest Snapshot v1, https://goo.gl/fbAQLP

exports[`App component renders App 1`] = `
<Fragment>
  <Header />
  <main>
    <HistoryContainer />
    <section>
      <FormContainer />
      <ResultsContainer />
    </section>
  </main>
</Fragment>
`;
